// Jest Snapshot v1, https://goo.gl/fbAQLP

exports[`List matches snapshot 1`] = `
.emotion-0 {
  margin: 8px auto;
  display: -webkit-box;
  display: -webkit-flex;
  display: -ms-flexbox;
  display: flex;
  -webkit-flex-direction: column;
  -ms-flex-direction: column;
  flex-direction: column;
  height: calc(100% - 16px);
  width: 312px;
}

@media (min-width: 320px) {
  .emotion-0 {
    width: calc(186.91px + 39.09vw);
  }
}

@media (min-width: 1200px) {
  .emotion-0 {
    width: 656px;
  }
}

<div>
  <div
    style="flex: 1;"
  >
    <div>
      <div
        aria-label="grid"
        aria-readonly="true"
        class="ReactVirtualized__Grid ReactVirtualized__List"
        role="grid"
        style="box-sizing: border-box; direction: ltr; height: 100px; position: relative; width: 100px; will-change: transform; overflow-x: hidden; overflow-y: auto;"
        tabindex="0"
      >
        <div
          class="ReactVirtualized__Grid__innerScrollContainer"
          role="rowgroup"
          style="width: auto; height: 1152px; max-width: 100px; max-height: 1152px; overflow: hidden; position: relative;"
        >
          <div
            style="height: 192px; left: 0px; position: absolute; top: 0px; width: 100%;"
          >
            <div
              class="MuiPaper-root MuiCard-root emotion-0 emotion-1 MuiPaper-elevation1 MuiPaper-rounded"
            >
              <div
                class="MuiCardContent-root"
              >
                <div
                  class="MuiGrid-root MuiGrid-container"
                >
                  <div
                    class="MuiGrid-root MuiGrid-container MuiGrid-spacing-xs-1 MuiGrid-item MuiGrid-align-items-xs-baseline MuiGrid-grid-xs-12"
                  >
                    <div
                      class="MuiGrid-root MuiGrid-item"
                    >
                      <p
                        class="MuiTypography-root MuiTypography-body1 MuiTypography-colorTextSecondary"
                      >
                        Student
                        :
                      </p>
                    </div>
                    <div
                      class="MuiGrid-root MuiGrid-item"
                    >
                      <p
                        class="MuiTypography-root MuiTypography-body2"
                      >
                        40275
                      </p>
                    </div>
                  </div>
                  <div
                    class="MuiGrid-root MuiGrid-container MuiGrid-spacing-xs-1 MuiGrid-item MuiGrid-align-items-xs-baseline MuiGrid-grid-xs-7 MuiGrid-grid-md-6 MuiGrid-grid-lg-7"
                  >
                    <div
                      class="MuiGrid-root MuiGrid-item"
                    >
                      <p
                        class="MuiTypography-root MuiTypography-body1 MuiTypography-colorTextSecondary"
                      >
                        Exercise
                        :
                      </p>
                    </div>
                    <div
                      class="MuiGrid-root MuiGrid-item"
                    >
                      <p
                        class="MuiTypography-root MuiTypography-body2"
                      >
                        395191
                      </p>
                    </div>
                  </div>
                  <div
                    class="MuiGrid-root MuiGrid-container MuiGrid-spacing-xs-1 MuiGrid-item MuiGrid-align-items-xs-baseline MuiGrid-grid-xs-5 MuiGrid-grid-md-6 MuiGrid-grid-lg-5"
                  >
                    <div
                      class="MuiGrid-root MuiGrid-item"
                    >
                      <p
                        class="MuiTypography-root MuiTypography-body1 MuiTypography-colorTextSecondary"
                      >
                        Correct
                        :
                      </p>
                    </div>
                    <div
                      class="MuiGrid-root MuiGrid-item"
                    >
                      <p
                        class="MuiTypography-root MuiTypography-body2"
                      >
                        Yes
                      </p>
                    </div>
                  </div>
                  <div
                    class="MuiGrid-root MuiGrid-container MuiGrid-spacing-xs-1 MuiGrid-item MuiGrid-align-items-xs-baseline MuiGrid-grid-xs-7 MuiGrid-grid-md-6 MuiGrid-grid-lg-7"
                  >
                    <div
                      class="MuiGrid-root MuiGrid-item"
                    >
                      <p
                        class="MuiTypography-root MuiTypography-body1 MuiTypography-colorTextSecondary"
                      >
                        Difficulty
                        :
                      </p>
                    </div>
                    <div
                      class="MuiGrid-root MuiGrid-item"
                    >
                      <p
                        class="MuiTypography-root MuiTypography-body2"
                      >
                        276.70
                      </p>
                    </div>
                  </div>
                  <div
                    class="MuiGrid-root MuiGrid-container MuiGrid-spacing-xs-1 MuiGrid-item MuiGrid-align-items-xs-baseline MuiGrid-grid-xs-5 MuiGrid-grid-md-6 MuiGrid-grid-lg-5"
                  >
                    <div
                      class="MuiGrid-root MuiGrid-item"
                    >
                      <p
                        class="MuiTypography-root MuiTypography-body1 MuiTypography-colorTextSecondary"
                      >
                        Progress
                        :
                      </p>
                    </div>
                    <div
                      class="MuiGrid-root MuiGrid-item"
                    >
                      <p
                        class="MuiTypography-root MuiTypography-body2"
                      >
                        2
                      </p>
                    </div>
                  </div>
                  <div
                    class="MuiGrid-root MuiGrid-container MuiGrid-spacing-xs-1 MuiGrid-item MuiGrid-align-items-xs-baseline MuiGrid-grid-xs-12 MuiGrid-grid-md-6 MuiGrid-grid-lg-7"
                  >
                    <div
                      class="MuiGrid-root MuiGrid-item"
                    >
                      <p
                        class="MuiTypography-root MuiTypography-body1 MuiTypography-colorTextSecondary"
                      >
                        Domain
                        :
                      </p>
                    </div>
                    <div
                      class="MuiGrid-root MuiGrid-item"
                    >
                      <p
                        class="MuiTypography-root MuiTypography-body2"
                      >
                        Domain Test 1
                      </p>
                    </div>
                  </div>
                  <div
                    class="MuiGrid-root MuiGrid-container MuiGrid-spacing-xs-1 MuiGrid-item MuiGrid-align-items-xs-baseline MuiGrid-grid-xs-12 MuiGrid-grid-md-6 MuiGrid-grid-lg-5"
                  >
                    <div
                      class="MuiGrid-root MuiGrid-item"
                    >
                      <p
                        class="MuiTypography-root MuiTypography-body1 MuiTypography-colorTextSecondary"
                      >
                        Subject
                        :
                      </p>
                    </div>
                    <div
                      class="MuiGrid-root MuiGrid-item"
                    >
                      <p
                        class="MuiTypography-root MuiTypography-body2"
                      >
                        Subject Test 1
                      </p>
                    </div>
                  </div>
                  <div
                    class="MuiGrid-root MuiGrid-container MuiGrid-spacing-xs-1 MuiGrid-item MuiGrid-align-items-xs-baseline MuiGrid-grid-xs-12"
                  >
                    <div
                      class="MuiGrid-root MuiGrid-item"
                    >
                      <p
                        class="MuiTypography-root MuiTypography-body1 MuiTypography-colorTextSecondary"
                      >
                        Learning Objective
                        :
                      </p>
                    </div>
                    <div
                      class="MuiGrid-root MuiGrid-item"
                    >
                      <p
                        class="MuiTypography-root MuiTypography-body2"
                      >
                        Learning Objective 1
                      </p>
                    </div>
                  </div>
                  <div
                    class="MuiGrid-root MuiGrid-container MuiGrid-spacing-xs-1 MuiGrid-item MuiGrid-align-items-xs-baseline MuiGrid-grid-xs-12 MuiGrid-grid-md-6 MuiGrid-grid-lg-7"
                  >
                    <div
                      class="MuiGrid-root MuiGrid-item"
                    >
                      <p
                        class="MuiTypography-root MuiTypography-body1 MuiTypography-colorTextSecondary"
                      >
                        Submitted Answer
                        :
                      </p>
                    </div>
                    <div
                      class="MuiGrid-root MuiGrid-item"
                    >
                      <p
                        class="MuiTypography-root MuiTypography-body2"
                      >
                        2628622
                      </p>
                    </div>
                  </div>
                  <div
                    class="MuiGrid-root MuiGrid-container MuiGrid-spacing-xs-1 MuiGrid-item MuiGrid-align-items-xs-baseline MuiGrid-grid-xs-12 MuiGrid-grid-md-6 MuiGrid-grid-lg-5"
                  >
                    <div
                      class="MuiGrid-root MuiGrid-item"
                    >
                      <p
                        class="MuiTypography-root MuiTypography-body1 MuiTypography-colorTextSecondary"
                      >
                        Submitted At
                        :
                      </p>
                    </div>
                    <div
                      class="MuiGrid-root MuiGrid-item"
                    >
                      <p
                        class="MuiTypography-root MuiTypography-body2"
                      >
                        02/03/2015 08:23 AM
                      </p>
                    </div>
                  </div>
                </div>
              </div>
            </div>
          </div>
          <div
            style="height: 192px; left: 0px; position: absolute; top: 192px; width: 100%;"
          >
            <div
              class="MuiPaper-root MuiCard-root emotion-0 emotion-1 MuiPaper-elevation1 MuiPaper-rounded"
            >
              <div
                class="MuiCardContent-root"
              >
                <div
                  class="MuiGrid-root MuiGrid-container"
                >
                  <div
                    class="MuiGrid-root MuiGrid-container MuiGrid-spacing-xs-1 MuiGrid-item MuiGrid-align-items-xs-baseline MuiGrid-grid-xs-12"
                  >
                    <div
                      class="MuiGrid-root MuiGrid-item"
                    >
                      <p
                        class="MuiTypography-root MuiTypography-body1 MuiTypography-colorTextSecondary"
                      >
                        Student
                        :
                      </p>
                    </div>
                    <div
                      class="MuiGrid-root MuiGrid-item"
                    >
                      <p
                        class="MuiTypography-root MuiTypography-body2"
                      >
                        40272
                      </p>
                    </div>
                  </div>
                  <div
                    class="MuiGrid-root MuiGrid-container MuiGrid-spacing-xs-1 MuiGrid-item MuiGrid-align-items-xs-baseline MuiGrid-grid-xs-7 MuiGrid-grid-md-6 MuiGrid-grid-lg-7"
                  >
                    <div
                      class="MuiGrid-root MuiGrid-item"
                    >
                      <p
                        class="MuiTypography-root MuiTypography-body1 MuiTypography-colorTextSecondary"
                      >
                        Exercise
                        :
                      </p>
                    </div>
                    <div
                      class="MuiGrid-root MuiGrid-item"
                    >
                      <p
                        class="MuiTypography-root MuiTypography-body2"
                      >
                        31100
                      </p>
                    </div>
                  </div>
                  <div
                    class="MuiGrid-root MuiGrid-container MuiGrid-spacing-xs-1 MuiGrid-item MuiGrid-align-items-xs-baseline MuiGrid-grid-xs-5 MuiGrid-grid-md-6 MuiGrid-grid-lg-5"
                  >
                    <div
                      class="MuiGrid-root MuiGrid-item"
                    >
                      <p
                        class="MuiTypography-root MuiTypography-body1 MuiTypography-colorTextSecondary"
                      >
                        Correct
                        :
                      </p>
                    </div>
                    <div
                      class="MuiGrid-root MuiGrid-item"
                    >
                      <p
                        class="MuiTypography-root MuiTypography-body2"
                      >
                        No
                      </p>
                    </div>
                  </div>
                  <div
                    class="MuiGrid-root MuiGrid-container MuiGrid-spacing-xs-1 MuiGrid-item MuiGrid-align-items-xs-baseline MuiGrid-grid-xs-7 MuiGrid-grid-md-6 MuiGrid-grid-lg-7"
                  >
                    <div
                      class="MuiGrid-root MuiGrid-item"
                    >
                      <p
                        class="MuiTypography-root MuiTypography-body1 MuiTypography-colorTextSecondary"
                      >
                        Difficulty
                        :
                      </p>
                    </div>
                    <div
                      class="MuiGrid-root MuiGrid-item"
                    >
                      <p
                        class="MuiTypography-root MuiTypography-body2"
                      >
                        NaN
                      </p>
                    </div>
                  </div>
                  <div
                    class="MuiGrid-root MuiGrid-container MuiGrid-spacing-xs-1 MuiGrid-item MuiGrid-align-items-xs-baseline MuiGrid-grid-xs-5 MuiGrid-grid-md-6 MuiGrid-grid-lg-5"
                  >
                    <div
                      class="MuiGrid-root MuiGrid-item"
                    >
                      <p
                        class="MuiTypography-root MuiTypography-body1 MuiTypography-colorTextSecondary"
                      >
                        Progress
                        :
                      </p>
                    </div>
                    <div
                      class="MuiGrid-root MuiGrid-item"
                    >
                      <p
                        class="MuiTypography-root MuiTypography-body2"
                      >
                        0
                      </p>
                    </div>
                  </div>
                  <div
                    class="MuiGrid-root MuiGrid-container MuiGrid-spacing-xs-1 MuiGrid-item MuiGrid-align-items-xs-baseline MuiGrid-grid-xs-12 MuiGrid-grid-md-6 MuiGrid-grid-lg-7"
                  >
                    <div
                      class="MuiGrid-root MuiGrid-item"
                    >
                      <p
                        class="MuiTypography-root MuiTypography-body1 MuiTypography-colorTextSecondary"
                      >
                        Domain
                        :
                      </p>
                    </div>
                    <div
                      class="MuiGrid-root MuiGrid-item"
                    >
                      <p
                        class="MuiTypography-root MuiTypography-body2"
                      >
                        Domain Test 1
                      </p>
                    </div>
                  </div>
                  <div
                    class="MuiGrid-root MuiGrid-container MuiGrid-spacing-xs-1 MuiGrid-item MuiGrid-align-items-xs-baseline MuiGrid-grid-xs-12 MuiGrid-grid-md-6 MuiGrid-grid-lg-5"
                  >
                    <div
                      class="MuiGrid-root MuiGrid-item"
                    >
                      <p
                        class="MuiTypography-root MuiTypography-body1 MuiTypography-colorTextSecondary"
                      >
                        Subject
                        :
                      </p>
                    </div>
                    <div
                      class="MuiGrid-root MuiGrid-item"
                    >
                      <p
                        class="MuiTypography-root MuiTypography-body2"
                      >
                        Subject Test 1
                      </p>
                    </div>
                  </div>
                  <div
                    class="MuiGrid-root MuiGrid-container MuiGrid-spacing-xs-1 MuiGrid-item MuiGrid-align-items-xs-baseline MuiGrid-grid-xs-12"
                  >
                    <div
                      class="MuiGrid-root MuiGrid-item"
                    >
                      <p
                        class="MuiTypography-root MuiTypography-body1 MuiTypography-colorTextSecondary"
                      >
                        Learning Objective
                        :
                      </p>
                    </div>
                    <div
                      class="MuiGrid-root MuiGrid-item"
                    >
                      <p
                        class="MuiTypography-root MuiTypography-body2"
                      >
                        Learning Objective 2
                      </p>
                    </div>
                  </div>
                  <div
                    class="MuiGrid-root MuiGrid-container MuiGrid-spacing-xs-1 MuiGrid-item MuiGrid-align-items-xs-baseline MuiGrid-grid-xs-12 MuiGrid-grid-md-6 MuiGrid-grid-lg-7"
                  >
                    <div
                      class="MuiGrid-root MuiGrid-item"
                    >
                      <p
                        class="MuiTypography-root MuiTypography-body1 MuiTypography-colorTextSecondary"
                      >
                        Submitted Answer
                        :
                      </p>
                    </div>
                    <div
                      class="MuiGrid-root MuiGrid-item"
                    >
                      <p
                        class="MuiTypography-root MuiTypography-body2"
                      >
                        2628507
                      </p>
                    </div>
                  </div>
                  <div
                    class="MuiGrid-root MuiGrid-container MuiGrid-spacing-xs-1 MuiGrid-item MuiGrid-align-items-xs-baseline MuiGrid-grid-xs-12 MuiGrid-grid-md-6 MuiGrid-grid-lg-5"
                  >
                    <div
                      class="MuiGrid-root MuiGrid-item"
                    >
                      <p
                        class="MuiTypography-root MuiTypography-body1 MuiTypography-colorTextSecondary"
                      >
                        Submitted At
                        :
                      </p>
                    </div>
                    <div
                      class="MuiGrid-root MuiGrid-item"
                    >
                      <p
                        class="MuiTypography-root MuiTypography-body2"
                      >
                        02/03/2015 08:23 AM
                      </p>
                    </div>
                  </div>
                </div>
              </div>
            </div>
          </div>
          <div
            style="height: 192px; left: 0px; position: absolute; top: 384px; width: 100%;"
          >
            <div
              class="MuiPaper-root MuiCard-root emotion-0 emotion-1 MuiPaper-elevation1 MuiPaper-rounded"
            >
              <div
                class="MuiCardContent-root"
              >
                <div
                  class="MuiGrid-root MuiGrid-container"
                >
                  <div
                    class="MuiGrid-root MuiGrid-container MuiGrid-spacing-xs-1 MuiGrid-item MuiGrid-align-items-xs-baseline MuiGrid-grid-xs-12"
                  >
                    <div
                      class="MuiGrid-root MuiGrid-item"
                    >
                      <p
                        class="MuiTypography-root MuiTypography-body1 MuiTypography-colorTextSecondary"
                      >
                        Student
                        :
                      </p>
                    </div>
                    <div
                      class="MuiGrid-root MuiGrid-item"
                    >
                      <p
                        class="MuiTypography-root MuiTypography-body2"
                      >
                        40272
                      </p>
                    </div>
                  </div>
                  <div
                    class="MuiGrid-root MuiGrid-container MuiGrid-spacing-xs-1 MuiGrid-item MuiGrid-align-items-xs-baseline MuiGrid-grid-xs-7 MuiGrid-grid-md-6 MuiGrid-grid-lg-7"
                  >
                    <div
                      class="MuiGrid-root MuiGrid-item"
                    >
                      <p
                        class="MuiTypography-root MuiTypography-body1 MuiTypography-colorTextSecondary"
                      >
                        Exercise
                        :
                      </p>
                    </div>
                    <div
                      class="MuiGrid-root MuiGrid-item"
                    >
                      <p
                        class="MuiTypography-root MuiTypography-body2"
                      >
                        31104
                      </p>
                    </div>
                  </div>
                  <div
                    class="MuiGrid-root MuiGrid-container MuiGrid-spacing-xs-1 MuiGrid-item MuiGrid-align-items-xs-baseline MuiGrid-grid-xs-5 MuiGrid-grid-md-6 MuiGrid-grid-lg-5"
                  >
                    <div
                      class="MuiGrid-root MuiGrid-item"
                    >
                      <p
                        class="MuiTypography-root MuiTypography-body1 MuiTypography-colorTextSecondary"
                      >
                        Correct
                        :
                      </p>
                    </div>
                    <div
                      class="MuiGrid-root MuiGrid-item"
                    >
                      <p
                        class="MuiTypography-root MuiTypography-body2"
                      >
                        Yes
                      </p>
                    </div>
                  </div>
                  <div
                    class="MuiGrid-root MuiGrid-container MuiGrid-spacing-xs-1 MuiGrid-item MuiGrid-align-items-xs-baseline MuiGrid-grid-xs-7 MuiGrid-grid-md-6 MuiGrid-grid-lg-7"
                  >
                    <div
                      class="MuiGrid-root MuiGrid-item"
                    >
                      <p
                        class="MuiTypography-root MuiTypography-body1 MuiTypography-colorTextSecondary"
                      >
                        Difficulty
                        :
                      </p>
                    </div>
                    <div
                      class="MuiGrid-root MuiGrid-item"
                    >
                      <p
                        class="MuiTypography-root MuiTypography-body2"
                      >
                        NaN
                      </p>
                    </div>
                  </div>
                  <div
                    class="MuiGrid-root MuiGrid-container MuiGrid-spacing-xs-1 MuiGrid-item MuiGrid-align-items-xs-baseline MuiGrid-grid-xs-5 MuiGrid-grid-md-6 MuiGrid-grid-lg-5"
                  >
                    <div
                      class="MuiGrid-root MuiGrid-item"
                    >
                      <p
                        class="MuiTypography-root MuiTypography-body1 MuiTypography-colorTextSecondary"
                      >
                        Progress
                        :
                      </p>
                    </div>
                    <div
                      class="MuiGrid-root MuiGrid-item"
                    >
                      <p
                        class="MuiTypography-root MuiTypography-body2"
                      >
                        0
                      </p>
                    </div>
                  </div>
                  <div
                    class="MuiGrid-root MuiGrid-container MuiGrid-spacing-xs-1 MuiGrid-item MuiGrid-align-items-xs-baseline MuiGrid-grid-xs-12 MuiGrid-grid-md-6 MuiGrid-grid-lg-7"
                  >
                    <div
                      class="MuiGrid-root MuiGrid-item"
                    >
                      <p
                        class="MuiTypography-root MuiTypography-body1 MuiTypography-colorTextSecondary"
                      >
                        Domain
                        :
                      </p>
                    </div>
                    <div
                      class="MuiGrid-root MuiGrid-item"
                    >
                      <p
                        class="MuiTypography-root MuiTypography-body2"
                      >
                        Domain Test 2
                      </p>
                    </div>
                  </div>
                  <div
                    class="MuiGrid-root MuiGrid-container MuiGrid-spacing-xs-1 MuiGrid-item MuiGrid-align-items-xs-baseline MuiGrid-grid-xs-12 MuiGrid-grid-md-6 MuiGrid-grid-lg-5"
                  >
                    <div
                      class="MuiGrid-root MuiGrid-item"
                    >
                      <p
                        class="MuiTypography-root MuiTypography-body1 MuiTypography-colorTextSecondary"
                      >
                        Subject
                        :
                      </p>
                    </div>
                    <div
                      class="MuiGrid-root MuiGrid-item"
                    >
                      <p
                        class="MuiTypography-root MuiTypography-body2"
                      >
                        Subject Test 2
                      </p>
                    </div>
                  </div>
                  <div
                    class="MuiGrid-root MuiGrid-container MuiGrid-spacing-xs-1 MuiGrid-item MuiGrid-align-items-xs-baseline MuiGrid-grid-xs-12"
                  >
                    <div
                      class="MuiGrid-root MuiGrid-item"
                    >
                      <p
                        class="MuiTypography-root MuiTypography-body1 MuiTypography-colorTextSecondary"
                      >
                        Learning Objective
                        :
                      </p>
                    </div>
                    <div
                      class="MuiGrid-root MuiGrid-item"
                    >
                      <p
                        class="MuiTypography-root MuiTypography-body2"
                      >
                        Learning Objective 1
                      </p>
                    </div>
                  </div>
                  <div
                    class="MuiGrid-root MuiGrid-container MuiGrid-spacing-xs-1 MuiGrid-item MuiGrid-align-items-xs-baseline MuiGrid-grid-xs-12 MuiGrid-grid-md-6 MuiGrid-grid-lg-7"
                  >
                    <div
                      class="MuiGrid-root MuiGrid-item"
                    >
                      <p
                        class="MuiTypography-root MuiTypography-body1 MuiTypography-colorTextSecondary"
                      >
                        Submitted Answer
                        :
                      </p>
                    </div>
                    <div
                      class="MuiGrid-root MuiGrid-item"
                    >
                      <p
                        class="MuiTypography-root MuiTypography-body2"
                      >
                        2628770
                      </p>
                    </div>
                  </div>
                  <div
                    class="MuiGrid-root MuiGrid-container MuiGrid-spacing-xs-1 MuiGrid-item MuiGrid-align-items-xs-baseline MuiGrid-grid-xs-12 MuiGrid-grid-md-6 MuiGrid-grid-lg-5"
                  >
                    <div
                      class="MuiGrid-root MuiGrid-item"
                    >
                      <p
                        class="MuiTypography-root MuiTypography-body1 MuiTypography-colorTextSecondary"
                      >
                        Submitted At
                        :
                      </p>
                    </div>
                    <div
                      class="MuiGrid-root MuiGrid-item"
                    >
                      <p
                        class="MuiTypography-root MuiTypography-body2"
                      >
                        02/03/2015 08:23 AM
                      </p>
                    </div>
                  </div>
                </div>
              </div>
            </div>
          </div>
          <div
            style="height: 192px; left: 0px; position: absolute; top: 576px; width: 100%;"
          >
            <div
              class="MuiPaper-root MuiCard-root emotion-0 emotion-1 MuiPaper-elevation1 MuiPaper-rounded"
            >
              <div
                class="MuiCardContent-root"
              >
                <div
                  class="MuiGrid-root MuiGrid-container"
                >
                  <div
                    class="MuiGrid-root MuiGrid-container MuiGrid-spacing-xs-1 MuiGrid-item MuiGrid-align-items-xs-baseline MuiGrid-grid-xs-12"
                  >
                    <div
                      class="MuiGrid-root MuiGrid-item"
                    >
                      <p
                        class="MuiTypography-root MuiTypography-body1 MuiTypography-colorTextSecondary"
                      >
                        Student
                        :
                      </p>
                    </div>
                    <div
                      class="MuiGrid-root MuiGrid-item"
                    >
                      <p
                        class="MuiTypography-root MuiTypography-body2"
                      >
                        40272
                      </p>
                    </div>
                  </div>
                  <div
                    class="MuiGrid-root MuiGrid-container MuiGrid-spacing-xs-1 MuiGrid-item MuiGrid-align-items-xs-baseline MuiGrid-grid-xs-7 MuiGrid-grid-md-6 MuiGrid-grid-lg-7"
                  >
                    <div
                      class="MuiGrid-root MuiGrid-item"
                    >
                      <p
                        class="MuiTypography-root MuiTypography-body1 MuiTypography-colorTextSecondary"
                      >
                        Exercise
                        :
                      </p>
                    </div>
                    <div
                      class="MuiGrid-root MuiGrid-item"
                    >
                      <p
                        class="MuiTypography-root MuiTypography-body2"
                      >
                        31106
                      </p>
                    </div>
                  </div>
                  <div
                    class="MuiGrid-root MuiGrid-container MuiGrid-spacing-xs-1 MuiGrid-item MuiGrid-align-items-xs-baseline MuiGrid-grid-xs-5 MuiGrid-grid-md-6 MuiGrid-grid-lg-5"
                  >
                    <div
                      class="MuiGrid-root MuiGrid-item"
                    >
                      <p
                        class="MuiTypography-root MuiTypography-body1 MuiTypography-colorTextSecondary"
                      >
                        Correct
                        :
                      </p>
                    </div>
                    <div
                      class="MuiGrid-root MuiGrid-item"
                    >
                      <p
                        class="MuiTypography-root MuiTypography-body2"
                      >
                        No
                      </p>
                    </div>
                  </div>
                  <div
                    class="MuiGrid-root MuiGrid-container MuiGrid-spacing-xs-1 MuiGrid-item MuiGrid-align-items-xs-baseline MuiGrid-grid-xs-7 MuiGrid-grid-md-6 MuiGrid-grid-lg-7"
                  >
                    <div
                      class="MuiGrid-root MuiGrid-item"
                    >
                      <p
                        class="MuiTypography-root MuiTypography-body1 MuiTypography-colorTextSecondary"
                      >
                        Difficulty
                        :
                      </p>
                    </div>
                    <div
                      class="MuiGrid-root MuiGrid-item"
                    >
                      <p
                        class="MuiTypography-root MuiTypography-body2"
                      >
                        NaN
                      </p>
                    </div>
                  </div>
                  <div
                    class="MuiGrid-root MuiGrid-container MuiGrid-spacing-xs-1 MuiGrid-item MuiGrid-align-items-xs-baseline MuiGrid-grid-xs-5 MuiGrid-grid-md-6 MuiGrid-grid-lg-5"
                  >
                    <div
                      class="MuiGrid-root MuiGrid-item"
                    >
                      <p
                        class="MuiTypography-root MuiTypography-body1 MuiTypography-colorTextSecondary"
                      >
                        Progress
                        :
                      </p>
                    </div>
                    <div
                      class="MuiGrid-root MuiGrid-item"
                    >
                      <p
                        class="MuiTypography-root MuiTypography-body2"
                      >
                        0
                      </p>
                    </div>
                  </div>
                  <div
                    class="MuiGrid-root MuiGrid-container MuiGrid-spacing-xs-1 MuiGrid-item MuiGrid-align-items-xs-baseline MuiGrid-grid-xs-12 MuiGrid-grid-md-6 MuiGrid-grid-lg-7"
                  >
                    <div
                      class="MuiGrid-root MuiGrid-item"
                    >
                      <p
                        class="MuiTypography-root MuiTypography-body1 MuiTypography-colorTextSecondary"
                      >
                        Domain
                        :
                      </p>
                    </div>
                    <div
                      class="MuiGrid-root MuiGrid-item"
                    >
                      <p
                        class="MuiTypography-root MuiTypography-body2"
                      >
                        Domain Test 2
                      </p>
                    </div>
                  </div>
                  <div
                    class="MuiGrid-root MuiGrid-container MuiGrid-spacing-xs-1 MuiGrid-item MuiGrid-align-items-xs-baseline MuiGrid-grid-xs-12 MuiGrid-grid-md-6 MuiGrid-grid-lg-5"
                  >
                    <div
                      class="MuiGrid-root MuiGrid-item"
                    >
                      <p
                        class="MuiTypography-root MuiTypography-body1 MuiTypography-colorTextSecondary"
                      >
                        Subject
                        :
                      </p>
                    </div>
                    <div
                      class="MuiGrid-root MuiGrid-item"
                    >
                      <p
                        class="MuiTypography-root MuiTypography-body2"
                      >
                        Subject Test 2
                      </p>
                    </div>
                  </div>
                  <div
                    class="MuiGrid-root MuiGrid-container MuiGrid-spacing-xs-1 MuiGrid-item MuiGrid-align-items-xs-baseline MuiGrid-grid-xs-12"
                  >
                    <div
                      class="MuiGrid-root MuiGrid-item"
                    >
                      <p
                        class="MuiTypography-root MuiTypography-body1 MuiTypography-colorTextSecondary"
                      >
                        Learning Objective
                        :
                      </p>
                    </div>
                    <div
                      class="MuiGrid-root MuiGrid-item"
                    >
                      <p
                        class="MuiTypography-root MuiTypography-body2"
                      >
                        Learning Objective 2
                      </p>
                    </div>
                  </div>
                  <div
                    class="MuiGrid-root MuiGrid-container MuiGrid-spacing-xs-1 MuiGrid-item MuiGrid-align-items-xs-baseline MuiGrid-grid-xs-12 MuiGrid-grid-md-6 MuiGrid-grid-lg-7"
                  >
                    <div
                      class="MuiGrid-root MuiGrid-item"
                    >
                      <p
                        class="MuiTypography-root MuiTypography-body1 MuiTypography-colorTextSecondary"
                      >
                        Submitted Answer
                        :
                      </p>
                    </div>
                    <div
                      class="MuiGrid-root MuiGrid-item"
                    >
                      <p
                        class="MuiTypography-root MuiTypography-body2"
                      >
                        2628973
                      </p>
                    </div>
                  </div>
                  <div
                    class="MuiGrid-root MuiGrid-container MuiGrid-spacing-xs-1 MuiGrid-item MuiGrid-align-items-xs-baseline MuiGrid-grid-xs-12 MuiGrid-grid-md-6 MuiGrid-grid-lg-5"
                  >
                    <div
                      class="MuiGrid-root MuiGrid-item"
                    >
                      <p
                        class="MuiTypography-root MuiTypography-body1 MuiTypography-colorTextSecondary"
                      >
                        Submitted At
                        :
                      </p>
                    </div>
                    <div
                      class="MuiGrid-root MuiGrid-item"
                    >
                      <p
                        class="MuiTypography-root MuiTypography-body2"
                      >
                        02/03/2015 08:23 AM
                      </p>
                    </div>
                  </div>
                </div>
              </div>
            </div>
          </div>
          <div
            style="height: 192px; left: 0px; position: absolute; top: 768px; width: 100%;"
          >
            <div
              class="MuiPaper-root MuiCard-root emotion-0 emotion-1 MuiPaper-elevation1 MuiPaper-rounded"
            >
              <div
                class="MuiCardContent-root"
              >
                <div
                  class="MuiGrid-root MuiGrid-container"
                >
                  <div
                    class="MuiGrid-root MuiGrid-container MuiGrid-spacing-xs-1 MuiGrid-item MuiGrid-align-items-xs-baseline MuiGrid-grid-xs-12"
                  >
                    <div
                      class="MuiGrid-root MuiGrid-item"
                    >
                      <p
                        class="MuiTypography-root MuiTypography-body1 MuiTypography-colorTextSecondary"
                      >
                        Student
                        :
                      </p>
                    </div>
                    <div
                      class="MuiGrid-root MuiGrid-item"
                    >
                      <p
                        class="MuiTypography-root MuiTypography-body2"
                      >
                        40272
                      </p>
                    </div>
                  </div>
                  <div
                    class="MuiGrid-root MuiGrid-container MuiGrid-spacing-xs-1 MuiGrid-item MuiGrid-align-items-xs-baseline MuiGrid-grid-xs-7 MuiGrid-grid-md-6 MuiGrid-grid-lg-7"
                  >
                    <div
                      class="MuiGrid-root MuiGrid-item"
                    >
                      <p
                        class="MuiTypography-root MuiTypography-body1 MuiTypography-colorTextSecondary"
                      >
                        Exercise
                        :
                      </p>
                    </div>
                    <div
                      class="MuiGrid-root MuiGrid-item"
                    >
                      <p
                        class="MuiTypography-root MuiTypography-body2"
                      >
                        31107
                      </p>
                    </div>
                  </div>
                  <div
                    class="MuiGrid-root MuiGrid-container MuiGrid-spacing-xs-1 MuiGrid-item MuiGrid-align-items-xs-baseline MuiGrid-grid-xs-5 MuiGrid-grid-md-6 MuiGrid-grid-lg-5"
                  >
                    <div
                      class="MuiGrid-root MuiGrid-item"
                    >
                      <p
                        class="MuiTypography-root MuiTypography-body1 MuiTypography-colorTextSecondary"
                      >
                        Correct
                        :
                      </p>
                    </div>
                    <div
                      class="MuiGrid-root MuiGrid-item"
                    >
                      <p
                        class="MuiTypography-root MuiTypography-body2"
                      >
                        No
                      </p>
                    </div>
                  </div>
                  <div
                    class="MuiGrid-root MuiGrid-container MuiGrid-spacing-xs-1 MuiGrid-item MuiGrid-align-items-xs-baseline MuiGrid-grid-xs-7 MuiGrid-grid-md-6 MuiGrid-grid-lg-7"
                  >
                    <div
                      class="MuiGrid-root MuiGrid-item"
                    >
                      <p
                        class="MuiTypography-root MuiTypography-body1 MuiTypography-colorTextSecondary"
                      >
                        Difficulty
                        :
                      </p>
                    </div>
                    <div
                      class="MuiGrid-root MuiGrid-item"
                    >
                      <p
                        class="MuiTypography-root MuiTypography-body2"
                      >
                        NaN
                      </p>
                    </div>
                  </div>
                  <div
                    class="MuiGrid-root MuiGrid-container MuiGrid-spacing-xs-1 MuiGrid-item MuiGrid-align-items-xs-baseline MuiGrid-grid-xs-5 MuiGrid-grid-md-6 MuiGrid-grid-lg-5"
                  >
                    <div
                      class="MuiGrid-root MuiGrid-item"
                    >
                      <p
                        class="MuiTypography-root MuiTypography-body1 MuiTypography-colorTextSecondary"
                      >
                        Progress
                        :
                      </p>
                    </div>
                    <div
                      class="MuiGrid-root MuiGrid-item"
                    >
                      <p
                        class="MuiTypography-root MuiTypography-body2"
                      >
                        0
                      </p>
                    </div>
                  </div>
                  <div
                    class="MuiGrid-root MuiGrid-container MuiGrid-spacing-xs-1 MuiGrid-item MuiGrid-align-items-xs-baseline MuiGrid-grid-xs-12 MuiGrid-grid-md-6 MuiGrid-grid-lg-7"
                  >
                    <div
                      class="MuiGrid-root MuiGrid-item"
                    >
                      <p
                        class="MuiTypography-root MuiTypography-body1 MuiTypography-colorTextSecondary"
                      >
                        Domain
                        :
                      </p>
                    </div>
                    <div
                      class="MuiGrid-root MuiGrid-item"
                    >
                      <p
                        class="MuiTypography-root MuiTypography-body2"
                      >
                        Domain Test 3
                      </p>
                    </div>
                  </div>
                  <div
                    class="MuiGrid-root MuiGrid-container MuiGrid-spacing-xs-1 MuiGrid-item MuiGrid-align-items-xs-baseline MuiGrid-grid-xs-12 MuiGrid-grid-md-6 MuiGrid-grid-lg-5"
                  >
                    <div
                      class="MuiGrid-root MuiGrid-item"
                    >
                      <p
                        class="MuiTypography-root MuiTypography-body1 MuiTypography-colorTextSecondary"
                      >
                        Subject
                        :
                      </p>
                    </div>
                    <div
                      class="MuiGrid-root MuiGrid-item"
                    >
                      <p
                        class="MuiTypography-root MuiTypography-body2"
                      >
                        Subject Test 3
                      </p>
                    </div>
                  </div>
                  <div
                    class="MuiGrid-root MuiGrid-container MuiGrid-spacing-xs-1 MuiGrid-item MuiGrid-align-items-xs-baseline MuiGrid-grid-xs-12"
                  >
                    <div
                      class="MuiGrid-root MuiGrid-item"
                    >
                      <p
                        class="MuiTypography-root MuiTypography-body1 MuiTypography-colorTextSecondary"
                      >
                        Learning Objective
                        :
                      </p>
                    </div>
                    <div
                      class="MuiGrid-root MuiGrid-item"
                    >
                      <p
                        class="MuiTypography-root MuiTypography-body2"
                      >
                        Learning Objective 1
                      </p>
                    </div>
                  </div>
                  <div
                    class="MuiGrid-root MuiGrid-container MuiGrid-spacing-xs-1 MuiGrid-item MuiGrid-align-items-xs-baseline MuiGrid-grid-xs-12 MuiGrid-grid-md-6 MuiGrid-grid-lg-7"
                  >
                    <div
                      class="MuiGrid-root MuiGrid-item"
                    >
                      <p
                        class="MuiTypography-root MuiTypography-body1 MuiTypography-colorTextSecondary"
                      >
                        Submitted Answer
                        :
                      </p>
                    </div>
                    <div
                      class="MuiGrid-root MuiGrid-item"
                    >
                      <p
                        class="MuiTypography-root MuiTypography-body2"
                      >
                        2629253
                      </p>
                    </div>
                  </div>
                  <div
                    class="MuiGrid-root MuiGrid-container MuiGrid-spacing-xs-1 MuiGrid-item MuiGrid-align-items-xs-baseline MuiGrid-grid-xs-12 MuiGrid-grid-md-6 MuiGrid-grid-lg-5"
                  >
                    <div
                      class="MuiGrid-root MuiGrid-item"
                    >
                      <p
                        class="MuiTypography-root MuiTypography-body1 MuiTypography-colorTextSecondary"
                      >
                        Submitted At
                        :
                      </p>
                    </div>
                    <div
                      class="MuiGrid-root MuiGrid-item"
                    >
                      <p
                        class="MuiTypography-root MuiTypography-body2"
                      >
                        02/03/2015 08:23 AM
                      </p>
                    </div>
                  </div>
                </div>
              </div>
            </div>
          </div>
          <div
            style="height: 192px; left: 0px; position: absolute; top: 960px; width: 100%;"
          >
            <div
              class="MuiPaper-root MuiCard-root emotion-0 emotion-1 MuiPaper-elevation1 MuiPaper-rounded"
            >
              <div
                class="MuiCardContent-root"
              >
                <div
                  class="MuiGrid-root MuiGrid-container"
                >
                  <div
                    class="MuiGrid-root MuiGrid-container MuiGrid-spacing-xs-1 MuiGrid-item MuiGrid-align-items-xs-baseline MuiGrid-grid-xs-12"
                  >
                    <div
                      class="MuiGrid-root MuiGrid-item"
                    >
                      <p
                        class="MuiTypography-root MuiTypography-body1 MuiTypography-colorTextSecondary"
                      >
                        Student
                        :
                      </p>
                    </div>
                    <div
                      class="MuiGrid-root MuiGrid-item"
                    >
                      <p
                        class="MuiTypography-root MuiTypography-body2"
                      >
                        40286
                      </p>
                    </div>
                  </div>
                  <div
                    class="MuiGrid-root MuiGrid-container MuiGrid-spacing-xs-1 MuiGrid-item MuiGrid-align-items-xs-baseline MuiGrid-grid-xs-7 MuiGrid-grid-md-6 MuiGrid-grid-lg-7"
                  >
                    <div
                      class="MuiGrid-root MuiGrid-item"
                    >
                      <p
                        class="MuiTypography-root MuiTypography-body1 MuiTypography-colorTextSecondary"
                      >
                        Exercise
                        :
                      </p>
                    </div>
                    <div
                      class="MuiGrid-root MuiGrid-item"
                    >
                      <p
                        class="MuiTypography-root MuiTypography-body2"
                      >
                        395184
                      </p>
                    </div>
                  </div>
                  <div
                    class="MuiGrid-root MuiGrid-container MuiGrid-spacing-xs-1 MuiGrid-item MuiGrid-align-items-xs-baseline MuiGrid-grid-xs-5 MuiGrid-grid-md-6 MuiGrid-grid-lg-5"
                  >
                    <div
                      class="MuiGrid-root MuiGrid-item"
                    >
                      <p
                        class="MuiTypography-root MuiTypography-body1 MuiTypography-colorTextSecondary"
                      >
                        Correct
                        :
                      </p>
                    </div>
                    <div
                      class="MuiGrid-root MuiGrid-item"
                    >
                      <p
                        class="MuiTypography-root MuiTypography-body2"
                      >
                        Yes
                      </p>
                    </div>
                  </div>
                  <div
                    class="MuiGrid-root MuiGrid-container MuiGrid-spacing-xs-1 MuiGrid-item MuiGrid-align-items-xs-baseline MuiGrid-grid-xs-7 MuiGrid-grid-md-6 MuiGrid-grid-lg-7"
                  >
                    <div
                      class="MuiGrid-root MuiGrid-item"
                    >
                      <p
                        class="MuiTypography-root MuiTypography-body1 MuiTypography-colorTextSecondary"
                      >
                        Difficulty
                        :
                      </p>
                    </div>
                    <div
                      class="MuiGrid-root MuiGrid-item"
                    >
                      <p
                        class="MuiTypography-root MuiTypography-body2"
                      >
                        317.55
                      </p>
                    </div>
                  </div>
                  <div
                    class="MuiGrid-root MuiGrid-container MuiGrid-spacing-xs-1 MuiGrid-item MuiGrid-align-items-xs-baseline MuiGrid-grid-xs-5 MuiGrid-grid-md-6 MuiGrid-grid-lg-5"
                  >
                    <div
                      class="MuiGrid-root MuiGrid-item"
                    >
                      <p
                        class="MuiTypography-root MuiTypography-body1 MuiTypography-colorTextSecondary"
                      >
                        Progress
                        :
                      </p>
                    </div>
                    <div
                      class="MuiGrid-root MuiGrid-item"
                    >
                      <p
                        class="MuiTypography-root MuiTypography-body2"
                      >
                        3
                      </p>
                    </div>
                  </div>
                  <div
                    class="MuiGrid-root MuiGrid-container MuiGrid-spacing-xs-1 MuiGrid-item MuiGrid-align-items-xs-baseline MuiGrid-grid-xs-12 MuiGrid-grid-md-6 MuiGrid-grid-lg-7"
                  >
                    <div
                      class="MuiGrid-root MuiGrid-item"
                    >
                      <p
                        class="MuiTypography-root MuiTypography-body1 MuiTypography-colorTextSecondary"
                      >
                        Domain
                        :
                      </p>
                    </div>
                    <div
                      class="MuiGrid-root MuiGrid-item"
                    >
                      <p
                        class="MuiTypography-root MuiTypography-body2"
                      >
                        Domain Test 3
                      </p>
                    </div>
                  </div>
                  <div
                    class="MuiGrid-root MuiGrid-container MuiGrid-spacing-xs-1 MuiGrid-item MuiGrid-align-items-xs-baseline MuiGrid-grid-xs-12 MuiGrid-grid-md-6 MuiGrid-grid-lg-5"
                  >
                    <div
                      class="MuiGrid-root MuiGrid-item"
                    >
                      <p
                        class="MuiTypography-root MuiTypography-body1 MuiTypography-colorTextSecondary"
                      >
                        Subject
                        :
                      </p>
                    </div>
                    <div
                      class="MuiGrid-root MuiGrid-item"
                    >
                      <p
                        class="MuiTypography-root MuiTypography-body2"
                      >
                        Subject Test 3
                      </p>
                    </div>
                  </div>
                  <div
                    class="MuiGrid-root MuiGrid-container MuiGrid-spacing-xs-1 MuiGrid-item MuiGrid-align-items-xs-baseline MuiGrid-grid-xs-12"
                  >
                    <div
                      class="MuiGrid-root MuiGrid-item"
                    >
                      <p
                        class="MuiTypography-root MuiTypography-body1 MuiTypography-colorTextSecondary"
                      >
                        Learning Objective
                        :
                      </p>
                    </div>
                    <div
                      class="MuiGrid-root MuiGrid-item"
                    >
                      <p
                        class="MuiTypography-root MuiTypography-body2"
                      >
                        Learning Objective 2
                      </p>
                    </div>
                  </div>
                  <div
                    class="MuiGrid-root MuiGrid-container MuiGrid-spacing-xs-1 MuiGrid-item MuiGrid-align-items-xs-baseline MuiGrid-grid-xs-12 MuiGrid-grid-md-6 MuiGrid-grid-lg-7"
                  >
                    <div
                      class="MuiGrid-root MuiGrid-item"
                    >
                      <p
                        class="MuiTypography-root MuiTypography-body1 MuiTypography-colorTextSecondary"
                      >
                        Submitted Answer
                        :
                      </p>
                    </div>
                    <div
                      class="MuiGrid-root MuiGrid-item"
                    >
                      <p
                        class="MuiTypography-root MuiTypography-body2"
                      >
                        2630741
                      </p>
                    </div>
                  </div>
                  <div
                    class="MuiGrid-root MuiGrid-container MuiGrid-spacing-xs-1 MuiGrid-item MuiGrid-align-items-xs-baseline MuiGrid-grid-xs-12 MuiGrid-grid-md-6 MuiGrid-grid-lg-5"
                  >
                    <div
                      class="MuiGrid-root MuiGrid-item"
                    >
                      <p
                        class="MuiTypography-root MuiTypography-body1 MuiTypography-colorTextSecondary"
                      >
                        Submitted At
                        :
                      </p>
                    </div>
                    <div
                      class="MuiGrid-root MuiGrid-item"
                    >
                      <p
                        class="MuiTypography-root MuiTypography-body2"
                      >
                        02/03/2015 08:23 AM
                      </p>
                    </div>
                  </div>
                </div>
              </div>
            </div>
          </div>
        </div>
      </div>
    </div>
  </div>
</div>
`;
